=======================================================
   libibsimu-1.0.6dev 1.0.6dev: tests/test-suite.log
=======================================================

# TOTAL: 19
# PASS:  17
# SKIP:  0
# XFAIL: 0
# FAIL:  2
# XPASS: 0
# ERROR: 0

.. contents:: :depth: 2

FAIL: solver3d_sphere
=====================

Segmentation Fault!
info.si_signo = 11
info.si_errno = 0
info.si_code  = 128(´s)
info.si_addr  = 0x0
reg[ 0]       = 0x9dfeac
reg[ 1]       = 0xca
reg[ 2]       = 0x7fa603465088
reg[ 3]       = 0xf22c26d7766287e1
reg[ 4]       = 0x9dfdb0
reg[ 5]       = 0x9dfdb0
reg[ 6]       = 0x0
reg[ 7]       = 0x0
reg[ 8]       = 0x9a73e0
reg[ 9]       = 0x80
reg[ a]       = 0x9a73e0
reg[ b]       = 0x0
reg[ c]       = 0x9a3840
reg[ d]       = 0x6573752d30352f6c
reg[ e]       = 0x9a3850
reg[ f]       = 0x7ffdf45dc720
reg[10]       = 0x7fa6035134f6
reg[11]       = 0x10206
reg[12]       = 0x2b000000000033
reg[13]       = 0x0
reg[14]       = 0xd
reg[15]       = 0x0
reg[16]       = 0x0
Stack trace:
 0 0x0x7fa6035134f6 <Geometry::~Geometry()+0xa6> (/home/nsavard/ibsimu_install/libibsimu-1.0.6dev_89c1280/src/.libs/libibsimu-1.0.6dev.so.0)
End of stack trace.
FAIL solver3d_sphere (exit status: 255)

FAIL: solvercyl_coax
====================

Segmentation Fault!
info.si_signo = 11
info.si_errno = 0
info.si_code  = 128(´s)
info.si_addr  = 0x0
reg[ 0]       = 0xef0eac
reg[ 1]       = 0xca
reg[ 2]       = 0x7f43c3498088
reg[ 3]       = 0xde8c77b48170d80c
reg[ 4]       = 0xef0db0
reg[ 5]       = 0xef0db0
reg[ 6]       = 0x0
reg[ 7]       = 0x7f43bb61ed10
reg[ 8]       = 0xeb83e0
reg[ 9]       = 0x80
reg[ a]       = 0xeb83e0
reg[ b]       = 0x0
reg[ c]       = 0xeb4840
reg[ d]       = 0x616a654400000000
reg[ e]       = 0xeb4850
reg[ f]       = 0x7ffe1447fa00
reg[10]       = 0x7f43c35464f6
reg[11]       = 0x10202
reg[12]       = 0x2b000000000033
reg[13]       = 0x0
reg[14]       = 0xd
reg[15]       = 0x0
reg[16]       = 0x0
Stack trace:
 0 0x0x7f43c35464f6 <Geometry::~Geometry()+0xa6> (/home/nsavard/ibsimu_install/libibsimu-1.0.6dev_89c1280/src/.libs/libibsimu-1.0.6dev.so.0)
End of stack trace.
FAIL solvercyl_coax (exit status: 255)

